app/providers/__tests__/AuthContext.test.tsx(76,51): error TS2339: Property 'toBeInTheDocument' does not exist on type 'Assertion<HTMLElement | null>'.
app/providers/__tests__/AuthContext.test.tsx(79,43): error TS2339: Property 'toHaveTextContent' does not exist on type 'Assertion<HTMLElement>'.
app/providers/__tests__/AuthContext.test.tsx(80,40): error TS2339: Property 'toHaveTextContent' does not exist on type 'Assertion<HTMLElement>'.
app/providers/__tests__/AuthContext.test.tsx(94,51): error TS2339: Property 'toBeInTheDocument' does not exist on type 'Assertion<HTMLElement | null>'.
app/providers/__tests__/AuthContext.test.tsx(97,43): error TS2339: Property 'toHaveTextContent' does not exist on type 'Assertion<HTMLElement>'.
app/providers/__tests__/AuthContext.test.tsx(98,40): error TS2339: Property 'toHaveTextContent' does not exist on type 'Assertion<HTMLElement>'.
app/providers/__tests__/AuthContext.test.tsx(108,51): error TS2339: Property 'toBeInTheDocument' does not exist on type 'Assertion<HTMLElement | null>'.
app/providers/__tests__/AuthContext.test.tsx(131,51): error TS2339: Property 'toBeInTheDocument' does not exist on type 'Assertion<HTMLElement | null>'.
modules/advances/components/AdvanceTable.tsx(73,16): error TS2322: Type 'RefObject<HTMLTableElement | null>' is not assignable to type 'LegacyRef<HTMLTableElement> | undefined'.
  Type 'RefObject<HTMLTableElement | null>' is not assignable to type 'RefObject<HTMLTableElement>'.
    Type 'HTMLTableElement | null' is not assignable to type 'HTMLTableElement'.
      Type 'null' is not assignable to type 'HTMLTableElement'.
modules/advances/hooks/useAdvanceTable.ts(238,56): error TS2554: Expected 1 arguments, but got 0.
modules/apps/lib/appsModel.test.ts(133,9): error TS2561: Object literal may only specify known properties, but 'targetOrders' does not exist in type '{ assignments: AppEmployeeAssignmentRow[]; orderRows: AppEmployeeOrderRow[]; _targetOrders?: number | null | undefined; employeeTargetOrders?: number | ... 1 more ... | undefined; daysInMonth: number; daysPassed: number; }'. Did you mean to write '_targetOrders'?
modules/apps/lib/appsModel.test.ts(157,9): error TS2561: Object literal may only specify known properties, but 'targetOrders' does not exist in type '{ assignments: AppEmployeeAssignmentRow[]; orderRows: AppEmployeeOrderRow[]; _targetOrders?: number | null | undefined; employeeTargetOrders?: number | ... 1 more ... | undefined; daysInMonth: number; daysPassed: number; }'. Did you mean to write '_targetOrders'?
modules/apps/lib/appsModel.ts(114,21): error TS2339: Property 'logo_url' does not exist on type 'AppOverviewSource'.
modules/apps/pages/AppsPage.tsx(150,91): error TS2345: Argument of type 'null' is not assignable to parameter of type 'AppData'.
modules/apps/services/appsPageService.ts(52,7): error TS2561: Object literal may only specify known properties, but 'targetOrders' does not exist in type '{ assignments: AppEmployeeAssignmentRow[]; orderRows: AppEmployeeOrderRow[]; _targetOrders?: number | null | undefined; employeeTargetOrders?: number | ... 1 more ... | undefined; daysInMonth: number; daysPassed: number; }'. Did you mean to write '_targetOrders'?
modules/attendance/components/AttendanceStats.test.tsx(28,84): error TS2339: Property 'toBeInTheDocument' does not exist on type 'Assertion<HTMLElement>'.
modules/attendance/components/AttendanceStats.test.tsx(29,45): error TS2339: Property 'toBeInTheDocument' does not exist on type 'Assertion<HTMLElement>'.
modules/attendance/components/AttendanceStats.test.tsx(42,72): error TS2339: Property 'toBeInTheDocument' does not exist on type 'Assertion<HTMLElement>'.
modules/attendance/components/AttendanceStats.test.tsx(43,38): error TS2339: Property 'toBeInTheDocument' does not exist on type 'Assertion<HTMLElement>'.
modules/attendance/components/AttendanceStats.test.tsx(44,38): error TS2339: Property 'toBeInTheDocument' does not exist on type 'Assertion<HTMLElement>'.
modules/attendance/components/AttendanceStats.test.tsx(45,39): error TS2339: Property 'toBeInTheDocument' does not exist on type 'Assertion<HTMLElement>'.
modules/attendance/components/AttendanceStats.test.tsx(47,35): error TS2339: Property 'toBeInTheDocument' does not exist on type 'Assertion<HTMLElement>'.
modules/attendance/pages/AttendancePage.tsx(89,41): error TS2769: No overload matches this call.
  Overload 1 of 2, '(predicate: (value: unknown, index: number, array: unknown[]) => value is unknown, thisArg?: any): unknown[]', gave the following error.
    Argument of type '(row: string[]) => string' is not assignable to parameter of type '(value: unknown, index: number, array: unknown[]) => value is unknown'.
      Types of parameters 'row' and 'value' are incompatible.
        Type 'unknown' is not assignable to type 'string[]'.
  Overload 2 of 2, '(predicate: (value: unknown, index: number, array: unknown[]) => unknown, thisArg?: any): unknown[]', gave the following error.
    Argument of type '(row: string[]) => string' is not assignable to parameter of type '(value: unknown, index: number, array: unknown[]) => unknown'.
      Types of parameters 'row' and 'value' are incompatible.
        Type 'unknown' is not assignable to type 'string[]'.
modules/attendance/pages/AttendancePage.tsx(111,17): error TS2488: Type 'unknown' must have a '[Symbol.iterator]()' method that returns an iterator.
modules/dashboard/lib/performanceEngine.ts(300,43): error TS2345: Argument of type 'number | undefined' is not assignable to parameter of type 'number'.
  Type 'undefined' is not assignable to type 'number'.
modules/employees/components/EmployeeTable.tsx(148,78): error TS2322: Type 'RefObject<HTMLTableElement | null>' is not assignable to type 'LegacyRef<HTMLTableElement> | undefined'.
  Type 'RefObject<HTMLTableElement | null>' is not assignable to type 'RefObject<HTMLTableElement>'.
    Type 'HTMLTableElement | null' is not assignable to type 'HTMLTableElement'.
      Type 'null' is not assignable to type 'HTMLTableElement'.
modules/employees/components/EmployeeTable.tsx(160,23): error TS2322: Type 'EmployeeAppOption[]' is not assignable to type '{ id: string; name: string; brand_color?: string | undefined; }[]'.
  Type 'EmployeeAppOption' is not assignable to type '{ id: string; name: string; brand_color?: string | undefined; }'.
    Types of property 'brand_color' are incompatible.
      Type 'string | null | undefined' is not assignable to type 'string | undefined'.
        Type 'null' is not assignable to type 'string | undefined'.
modules/employees/components/EmployeeTable.tsx(254,25): error TS2322: Type 'EmployeeAppOption[]' is not assignable to type '{ id: string; name: string; brand_color?: string | undefined; }[]'.
  Type 'EmployeeAppOption' is not assignable to type '{ id: string; name: string; brand_color?: string | undefined; }'.
    Types of property 'brand_color' are incompatible.
      Type 'string | null | undefined' is not assignable to type 'string | undefined'.
        Type 'null' is not assignable to type 'string | undefined'.
modules/employees/hooks/useEmployeeTable.ts(271,55): error TS2554: Expected 1 arguments, but got 0.
modules/fuel/components/FuelImportDialog.tsx(78,41): error TS2322: Type '(rows: { employee_id: string; date: string; km_total: number; fuel_cost: number; notes: string | null; }[], chunkSize?: number | undefined) => Promise<{ saved: number; failed: { row: unknown; error: string; }[]; }>' is not assignable to type '(rows: FuelImportRowPayload[], chunkSize?: number | undefined) => Promise<{ saved: number; failed: { row: FuelImportRowPayload; error: string; }[]; }>'.
  Type 'Promise<{ saved: number; failed: { row: unknown; error: string; }[]; }>' is not assignable to type 'Promise<{ saved: number; failed: { row: FuelImportRowPayload; error: string; }[]; }>'.
    Type '{ saved: number; failed: { row: unknown; error: string; }[]; }' is not assignable to type '{ saved: number; failed: { row: FuelImportRowPayload; error: string; }[]; }'.
      Types of property 'failed' are incompatible.
        Type '{ row: unknown; error: string; }[]' is not assignable to type '{ row: FuelImportRowPayload; error: string; }[]'.
          Type '{ row: unknown; error: string; }' is not assignable to type '{ row: FuelImportRowPayload; error: string; }'.
            Types of property 'row' are incompatible.
              Type 'unknown' is not assignable to type 'FuelImportRowPayload'.
modules/fuel/components/FuelImportDialog.tsx(108,41): error TS2322: Type '(rows: { employee_id: string; date: string; km_total: number; fuel_cost: number; notes: string | null; }[], chunkSize?: number | undefined) => Promise<{ saved: number; failed: { row: unknown; error: string; }[]; }>' is not assignable to type '(rows: FuelImportRowPayload[], chunkSize?: number | undefined) => Promise<{ saved: number; failed: { row: FuelImportRowPayload; error: string; }[]; }>'.
  Type 'Promise<{ saved: number; failed: { row: unknown; error: string; }[]; }>' is not assignable to type 'Promise<{ saved: number; failed: { row: FuelImportRowPayload; error: string; }[]; }>'.
    Type '{ saved: number; failed: { row: unknown; error: string; }[]; }' is not assignable to type '{ saved: number; failed: { row: FuelImportRowPayload; error: string; }[]; }'.
      Types of property 'failed' are incompatible.
        Type '{ row: unknown; error: string; }[]' is not assignable to type '{ row: FuelImportRowPayload; error: string; }[]'.
          Type '{ row: unknown; error: string; }' is not assignable to type '{ row: FuelImportRowPayload; error: string; }'.
            Types of property 'row' are incompatible.
              Type 'unknown' is not assignable to type 'FuelImportRowPayload'.
modules/maintenance/components/VehicleReportsTab.tsx(74,37): error TS2304: Cannot find name 'selectedIds'.
modules/maintenance/components/VehicleReportsTab.tsx(75,7): error TS2304: Cannot find name 'setSelectedIds'.
modules/maintenance/components/VehicleReportsTab.tsx(77,22): error TS2304: Cannot find name 'selectedIds'.
modules/maintenance/components/VehicleReportsTab.tsx(80,11): error TS2304: Cannot find name 'selectedIds'.
modules/maintenance/components/VehicleReportsTab.tsx(81,6): error TS2304: Cannot find name 'selectedIds'.
modules/maintenance/components/VehicleReportsTab.tsx(85,5): error TS2304: Cannot find name 'setSelectedIds'.
modules/maintenance/components/VehicleReportsTab.tsx(85,20): error TS7006: Parameter 'prev' implicitly has an 'any' type.
modules/maintenance/components/VehicleReportsTab.tsx(93,27): error TS2304: Cannot find name 'setSelectedIds'.
modules/maintenance/components/VehicleReportsTab.tsx(94,26): error TS2304: Cannot find name 'setSelectedIds'.
modules/maintenance/components/VehicleReportsTab.tsx(179,35): error TS2554: Expected 1 arguments, but got 0.
modules/maintenance/components/VehicleReportsTab.tsx(228,35): error TS2554: Expected 1 arguments, but got 0.
modules/maintenance/hooks/useSpareParts.test.tsx(38,5): error TS2322: Type 'null' is not assignable to type 'string'.
modules/maintenance/hooks/useSpareParts.test.tsx(78,5): error TS2322: Type 'null' is not assignable to type 'string'.
modules/orders/components/DailyAppReportTab.tsx(164,46): error TS18047: 'row.remaining' is possibly 'null'.
modules/orders/components/DailyAppReportTab.tsx(165,32): error TS18047: 'row.remaining' is possibly 'null'.
modules/orders/components/ImportPlatformDialog.test.tsx(21,66): error TS2339: Property 'toHaveAttribute' does not exist on type 'Assertion<HTMLElement>'.
modules/orders/components/ImportPlatformDialog.test.tsx(35,60): error TS2339: Property 'toHaveAttribute' does not exist on type 'Assertion<HTMLElement>'.
modules/orders/components/ImportPlatformDialog.test.tsx(54,66): error TS2339: Property 'toHaveAttribute' does not exist on type 'Assertion<HTMLElement>'.
modules/orders/utils/gridHelpers.test.ts(73,57): error TS2353: Object literal may only specify known properties, and 'brand_color' does not exist in type 'App'.
modules/orders/utils/gridHelpers.test.ts(74,66): error TS2353: Object literal may only specify known properties, and 'platform_accounts' does not exist in type 'Employee'.
modules/orders/utils/gridHelpers.test.ts(88,54): error TS2353: Object literal may only specify known properties, and 'platform_accounts' does not exist in type 'Employee'.
modules/orders/utils/gridHelpers.test.ts(89,52): error TS2353: Object literal may only specify known properties, and 'platform_accounts' does not exist in type 'Employee'.
modules/orders/utils/importHelpers.test.ts(22,36): error TS2353: Object literal may only specify known properties, and 'brand_color' does not exist in type 'App'.
modules/orders/utils/importHelpers.test.ts(23,36): error TS2353: Object literal may only specify known properties, and 'brand_color' does not exist in type 'App'.
modules/orders/utils/importHelpers.test.ts(26,35): error TS2353: Object literal may only specify known properties, and 'platform_accounts' does not exist in type 'Employee'.
modules/orders/utils/importHelpers.test.ts(27,35): error TS2353: Object literal may only specify known properties, and 'platform_accounts' does not exist in type 'Employee'.
modules/orders/utils/spreadsheetFileOps.test.ts(87,9): error TS2322: Type '{ id: string; name: string; platform_accounts: never[]; identity_id: string; is_active: boolean; avatar_url: string; created_at: string; updated_at: string; }[]' is not assignable to type 'Employee[]'.
  Type '{ id: string; name: string; platform_accounts: never[]; identity_id: string; is_active: boolean; avatar_url: string; created_at: string; updated_at: string; }' is missing the following properties from type 'Employee': salary_type, status, sponsorship_status
modules/orders/utils/spreadsheetFileOps.test.ts(100,66): error TS2739: Type '{ app_id: string; target_orders: number; employee_target_orders: number; }' is missing the following properties from type '{ app_id: string; created_at: string; employee_target_orders: number | null; id: string; month_year: string; target_orders: number; updated_at: string; apps: { name: string; name_en: string | null; brand_color: string; }; }': created_at, id, month_year, updated_at, apps
modules/orders/utils/spreadsheetFileOps.test.ts(119,11): error TS2322: Type '{ id: string; name: string; platform_accounts: never[]; identity_id: string; is_active: boolean; avatar_url: string; created_at: string; updated_at: string; }[]' is not assignable to type 'Employee[]'.
  Type '{ id: string; name: string; platform_accounts: never[]; identity_id: string; is_active: boolean; avatar_url: string; created_at: string; updated_at: string; }' is missing the following properties from type 'Employee': salary_type, status, sponsorship_status
modules/orders/utils/spreadsheetFileOps.test.ts(121,11): error TS2322: Type '{ id: string; name: string; created_at: string; updated_at: string; }[]' is not assignable to type 'App[]'.
  Property 'name_en' is missing in type '{ id: string; name: string; created_at: string; updated_at: string; }' but required in type 'App'.
modules/orders/utils/spreadsheetFileOps.test.ts(172,66): error TS2740: Type '{ app_id: string; target_orders: number; }' is missing the following properties from type '{ app_id: string; created_at: string; employee_target_orders: number | null; id: string; month_year: string; target_orders: number; updated_at: string; apps: { name: string; name_en: string | null; brand_color: string; }; }': created_at, employee_target_orders, id, month_year, and 2 more.
modules/orders/utils/spreadsheetFileOps.test.ts(197,39): error TS2353: Object literal may only specify known properties, and 'platform_accounts' does not exist in type 'Employee'.
modules/orders/utils/spreadsheetFileOps.test.ts(198,39): error TS2353: Object literal may only specify known properties, and 'platform_accounts' does not exist in type 'Employee'.
modules/orders/utils/spreadsheetFileOps.test.ts(205,44): error TS2353: Object literal may only specify known properties, and 'created_at' does not exist in type 'App'.
modules/orders/utils/spreadsheetFileOps.test.ts(252,26): error TS2322: Type '{ id: string; name: string; platform_accounts: never[]; identity_id: string; is_active: boolean; avatar_url: string; created_at: string; updated_at: string; }[]' is not assignable to type 'Employee[]'.
  Type '{ id: string; name: string; platform_accounts: never[]; identity_id: string; is_active: boolean; avatar_url: string; created_at: string; updated_at: string; }' is missing the following properties from type 'Employee': salary_type, status, sponsorship_status
modules/orders/utils/spreadsheetFileOps.test.ts(252,37): error TS2322: Type '{ id: string; name: string; created_at: string; updated_at: string; }[]' is not assignable to type 'App[]'.
  Property 'name_en' is missing in type '{ id: string; name: string; created_at: string; updated_at: string; }' but required in type 'App'.
modules/orders/utils/spreadsheetFileOps.test.ts(303,9): error TS2322: Type 'Map<string, { id: string; name: string; platform_accounts: never[]; identity_id: string; is_active: boolean; avatar_url: string; created_at: string; updated_at: string; }>' is not assignable to type 'Map<string, { id: string; name: string; similarity: number; }>'.
  Property 'similarity' is missing in type '{ id: string; name: string; platform_accounts: never[]; identity_id: string; is_active: boolean; avatar_url: string; created_at: string; updated_at: string; }' but required in type '{ id: string; name: string; similarity: number; }'.
modules/pages/AiAnalyticsPage.tsx(272,24): error TS2571: Object is of type 'unknown'.
modules/pages/AiAnalyticsPage.tsx(320,24): error TS2571: Object is of type 'unknown'.
modules/pages/AiAnalyticsPage.tsx(334,11): error TS2769: No overload matches this call.
  Overload 1 of 2, '(props: TooltipProps<ValueType, "┘ü╪╣┘ä┘è" | "╪¬┘å╪¿╪ñ">): Tooltip<ValueType, "┘ü╪╣┘ä┘è" | "╪¬┘å╪¿╪ñ">', gave the following error.
    Type '(value: number | undefined, name: string) => [string, "┘ü╪╣┘ä┘è" | "╪¬┘å╪¿╪ñ"]' is not assignable to type 'Formatter<ValueType, "┘ü╪╣┘ä┘è" | "╪¬┘å╪¿╪ñ">'.
      Types of parameters 'value' and 'value' are incompatible.
        Type 'ValueType' is not assignable to type 'number | undefined'.
          Type 'string' is not assignable to type 'number'.
  Overload 2 of 2, '(props: TooltipProps<ValueType, "┘ü╪╣┘ä┘è" | "╪¬┘å╪¿╪ñ">, context: any): Tooltip<ValueType, "┘ü╪╣┘ä┘è" | "╪¬┘å╪¿╪ñ">', gave the following error.
    Type '(value: number | undefined, name: string) => [string, "┘ü╪╣┘ä┘è" | "╪¬┘å╪¿╪ñ"]' is not assignable to type 'Formatter<ValueType, "┘ü╪╣┘ä┘è" | "╪¬┘å╪¿╪ñ">'.
      Types of parameters 'value' and 'value' are incompatible.
        Type 'ValueType' is not assignable to type 'number | undefined'.
          Type 'string' is not assignable to type 'number'.
modules/pages/Alerts.tsx(354,806): error TS2554: Expected 1 arguments, but got 0.
modules/pages/EmployeeTiers.tsx(588,60): error TS2554: Expected 1 arguments, but got 0.
modules/pages/Motorcycles.tsx(307,92): error TS2345: Argument of type '{ plate_number: string; plate_number_en: string | null; type: "motorcycle" | "car"; brand: string | null; model: string | null; year: number | null; status: VehicleStatus; ... 6 more ...; notes: string | null; }' is not assignable to parameter of type 'Partial<VehiclePayload> & { plate_number: string; }'.
  Type '{ plate_number: string; plate_number_en: string | null; type: "motorcycle" | "car"; brand: string | null; model: string | null; year: number | null; status: VehicleStatus; ... 6 more ...; notes: string | null; }' is not assignable to type 'Partial<VehiclePayload>'.
    Types of property 'brand' are incompatible.
      Type 'string | null' is not assignable to type 'string | undefined'.
        Type 'null' is not assignable to type 'string | undefined'.
modules/pages/Motorcycles.tsx(487,56): error TS2554: Expected 1 arguments, but got 0.
modules/pages/MotorcyclesVehicleFormModal.tsx(116,53): error TS2345: Argument of type '{ plate_number: string; plate_number_en: string | null; type: "motorcycle" | "car"; brand: string | null; model: string | null; year: number | null; status: VehicleStatus; ... 6 more ...; notes: string | null; }' is not assignable to parameter of type 'Partial<VehiclePayload>'.
  Types of property 'brand' are incompatible.
    Type 'string | null' is not assignable to type 'string | undefined'.
      Type 'null' is not assignable to type 'string | undefined'.
modules/pages/MotorcyclesVehicleFormModal.tsx(118,37): error TS2345: Argument of type '{ plate_number: string; plate_number_en: string | null; type: "motorcycle" | "car"; brand: string | null; model: string | null; year: number | null; status: VehicleStatus; ... 6 more ...; notes: string | null; }' is not assignable to parameter of type 'VehiclePayload'.
  Types of property 'brand' are incompatible.
    Type 'string | null' is not assignable to type 'string | undefined'.
      Type 'null' is not assignable to type 'string | undefined'.
modules/pages/SalarySchemes.tsx(322,7): error TS2322: Type 'unknown' is not assignable to type 'string | number | boolean | ReactElement<any, string | JSXElementConstructor<any>> | Iterable<ReactNode> | ReactPortal | null | undefined'.
modules/pages/settings-hub/ProfileSettingsContent.tsx(83,58): error TS2345: Argument of type 'string | undefined' is not assignable to parameter of type 'string'.
  Type 'undefined' is not assignable to type 'string'.
modules/pages/UsersAndPermissions.test.tsx(112,30): error TS2339: Property 'toBeDisabled' does not exist on type 'Assertion<HTMLElement>'.
modules/pages/UsersAndPermissions.test.tsx(113,34): error TS2339: Property 'toBeDisabled' does not exist on type 'Assertion<HTMLElement>'.
modules/pages/UsersAndPermissions.test.tsx(132,23): error TS2339: Property 'toHaveValue' does not exist on type 'Assertion<HTMLElement>'.
modules/pages/VehicleAssignment.tsx(86,9): error TS2322: Type 'string | null' is not assignable to type 'string | undefined'.
  Type 'null' is not assignable to type 'string | undefined'.
modules/pages/VehicleAssignment.tsx(394,54): error TS2554: Expected 1 arguments, but got 0.
modules/salaries/components/OrderDetailsModal.tsx(40,9): error TS7023: 'formatCurrency' implicitly has return type 'any' because it does not have a return type annotation and is referenced directly or indirectly in one of its return expressions.
modules/salaries/components/SalaryActionsBar.tsx(61,9): error TS2322: Type 'RefObject<HTMLInputElement | null>' is not assignable to type 'LegacyRef<HTMLInputElement> | undefined'.
  Type 'RefObject<HTMLInputElement | null>' is not assignable to type 'RefObject<HTMLInputElement>'.
    Type 'HTMLInputElement | null' is not assignable to type 'HTMLInputElement'.
      Type 'null' is not assignable to type 'HTMLInputElement'.
modules/salaries/components/SalaryTable.tsx(357,7): error TS7053: Element implicitly has an 'any' type because expression of type 'string' can't be used to index type '{}'.
  No index signature with a parameter of type 'string' was found on type '{}'.
modules/salaries/components/SalaryTable.tsx(357,32): error TS7053: Element implicitly has an 'any' type because expression of type 'string' can't be used to index type '{}'.
  No index signature with a parameter of type 'string' was found on type '{}'.
modules/salaries/components/SalaryTable.tsx(358,7): error TS7053: Element implicitly has an 'any' type because expression of type 'string' can't be used to index type '{}'.
  No index signature with a parameter of type 'string' was found on type '{}'.
modules/salaries/components/SalaryTable.tsx(358,35): error TS7053: Element implicitly has an 'any' type because expression of type 'string' can't be used to index type '{}'.
  No index signature with a parameter of type 'string' was found on type '{}'.
modules/salaries/components/SalaryTable.tsx(359,7): error TS7053: Element implicitly has an 'any' type because expression of type 'string' can't be used to index type '{}'.
  No index signature with a parameter of type 'string' was found on type '{}'.
modules/salaries/components/SalaryTable.tsx(359,40): error TS7053: Element implicitly has an 'any' type because expression of type 'string' can't be used to index type '{}'.
  No index signature with a parameter of type 'string' was found on type '{}'.
modules/salaries/components/SalaryTable.tsx(363,7): error TS7053: Element implicitly has an 'any' type because expression of type 'string' can't be used to index type '{}'.
  No index signature with a parameter of type 'string' was found on type '{}'.
modules/salaries/components/SalaryTable.tsx(363,35): error TS7053: Element implicitly has an 'any' type because expression of type 'string' can't be used to index type '{}'.
  No index signature with a parameter of type 'string' was found on type '{}'.
modules/salaries/components/SalaryTable.tsx(640,37): error TS7053: Element implicitly has an 'any' type because expression of type 'string' can't be used to index type '{}'.
  No index signature with a parameter of type 'string' was found on type '{}'.
modules/salaries/components/SalaryTable.tsx(641,40): error TS7053: Element implicitly has an 'any' type because expression of type 'string' can't be used to index type '{}'.
  No index signature with a parameter of type 'string' was found on type '{}'.
modules/salaries/components/SalaryTable.tsx(642,34): error TS7053: Element implicitly has an 'any' type because expression of type 'string' can't be used to index type '{}'.
  No index signature with a parameter of type 'string' was found on type '{}'.
modules/salaries/components/SalaryTable.tsx(666,34): error TS7053: Element implicitly has an 'any' type because expression of type 'string' can't be used to index type '{}'.
  No index signature with a parameter of type 'string' was found on type '{}'.
modules/salaries/hooks/useSalaryData.ts(157,9): error TS2740: Type '{}' is missing the following properties from type '{ employees: unknown; extRes: unknown; orders: unknown; appsWithSchemeRes: unknown; attendanceRows: unknown; fuelRes: unknown; savedRecords: unknown; allAdvances: unknown; }': employees, extRes, orders, appsWithSchemeRes, and 4 more.
modules/salaries/hooks/useSalaryTable.ts(66,22): error TS2339: Property 'violationDeduction' does not exist on type 'SalaryRow'.
modules/salaries/hooks/useSalaryTable.ts(81,29): error TS2339: Property 'customColumns' does not exist on type 'SalaryRow'.
modules/salaries/hooks/useSalaryTable.ts(81,48): error TS7006: Parameter 'c' implicitly has an 'any' type.
modules/salaries/lib/buildSalarySlipHTML.ts(287,23): error TS2554: Expected 1 arguments, but got 0.
modules/salaries/lib/salaryDomain.test.ts(580,7): error TS2322: Type '{ monthlyContext: { employees: never[]; orders: never[]; appsWithSchemeRes: never[]; attendanceRows: never[]; fuelRes: never[]; savedRecords: never[]; allAdvances: never[]; }; previewData: never[]; }' is not assignable to type 'SalaryBaseContextData'.
  Types of property 'monthlyContext' are incompatible.
    Property 'extRes' is missing in type '{ employees: never[]; orders: never[]; appsWithSchemeRes: never[]; attendanceRows: never[]; fuelRes: never[]; savedRecords: never[]; allAdvances: never[]; }' but required in type '{ employees: unknown; extRes: unknown; orders: unknown; appsWithSchemeRes: unknown; attendanceRows: unknown; fuelRes: unknown; savedRecords: unknown; allAdvances: unknown; }'.
modules/salaries/lib/salaryMergedPdf.ts(152,25): error TS2554: Expected 1 arguments, but got 0.
modules/salaries/lib/salaryPrintTemplate.ts(127,67): error TS2554: Expected 1 arguments, but got 0.
modules/salaries/model/salaryUtils.test.ts(183,39): error TS2345: Argument of type '{}' is not assignable to parameter of type 'Pick<SalaryRow, "platformMetrics">'.
  Property 'platformMetrics' is missing in type '{}' but required in type 'Pick<SalaryRow, "platformMetrics">'.
modules/salaries/pages/SalariesPage.tsx(233,64): error TS2322: Type '(v: string) => void' is not assignable to type 'Dispatch<SetStateAction<string>>'.
  Types of parameters 'v' and 'value' are incompatible.
    Type 'SetStateAction<string>' is not assignable to type 'string'.
      Type '(prevState: string) => string' is not assignable to type 'string'.
modules/settings/components/AppWorkTypeSettings.tsx(37,23): error TS2345: Argument of type '{ app_id: string; created_at: string | null; fallback_to_orders: boolean | null; id: string; min_hours_for_shift: number; shift_rate: number; updated_at: string | null; }' is not assignable to parameter of type 'SetStateAction<Partial<AppHybridRule>>'.
  Type '{ app_id: string; created_at: string | null; fallback_to_orders: boolean | null; id: string; min_hours_for_shift: number; shift_rate: number; updated_at: string | null; }' is not assignable to type 'Partial<AppHybridRule>'.
    Types of property 'fallback_to_orders' are incompatible.
      Type 'boolean | null' is not assignable to type 'boolean | undefined'.
        Type 'null' is not assignable to type 'boolean | undefined'.
modules/violations/components/ViolationSearchTab.tsx(71,37): error TS2322: Type 'RefObject<HTMLDivElement | null>' is not assignable to type 'LegacyRef<HTMLDivElement> | undefined'.
  Type 'RefObject<HTMLDivElement | null>' is not assignable to type 'RefObject<HTMLDivElement>'.
    Type 'HTMLDivElement | null' is not assignable to type 'HTMLDivElement'.
      Type 'null' is not assignable to type 'HTMLDivElement'.
modules/wallet/pages/WalletPage.tsx(14,44): error TS2307: Cannot find module '@modules/wallet/types/wallet.types' or its corresponding type declarations.
services/accountAssignmentService.ts(83,12): error TS2352: Conversion of type 'null' to type 'AccountAssignment' may be a mistake because neither type sufficiently overlaps with the other. If this was intentional, convert the expression to 'unknown' first.
services/attendanceService.ts(30,27): error TS2345: Argument of type '{ id: string; name: string; sponsorship_status: "sponsored" | "not_sponsored" | "absconded" | "terminated" | null; probation_end_date: string | null; status: "active" | "inactive" | "ended"; }' is not assignable to parameter of type 'EmployeeRow'.
  Type '{ id: string; name: string; sponsorship_status: "sponsored" | "not_sponsored" | "absconded" | "terminated" | null; probation_end_date: string | null; status: "active" | "inactive" | "ended"; }' is missing the following properties from type 'EmployeeRow': salary_type, job_title
services/authService.test.ts(223,7): error TS2349: This expression is not callable.
  Type 'never' has no call signatures.
services/authService.ts(111,5): error TS2322: Type 'Promise<string>' is not assignable to type 'Promise<AppRole | null>'.
  Type 'string' is not assignable to type 'AppRole | null'.
services/employeeActivityService.ts(35,31): error TS2769: No overload matches this call.
  Overload 1 of 2, '(relation: "platform_accounts" | "employees" | "advances" | "apps" | "salary_schemes" | "order_import_batches" | "profiles" | "roles" | "departments" | "positions" | "vehicles" | "maintenance_logs" | ... 47 more ... | "vehicle_mileage_daily"): PostgrestQueryBuilder<...>', gave the following error.
    Argument of type 'string' is not assignable to parameter of type '"platform_accounts" | "employees" | "advances" | "apps" | "salary_schemes" | "order_import_batches" | "profiles" | "roles" | "departments" | "positions" | "vehicles" | "maintenance_logs" | ... 47 more ... | "vehicle_mileage_daily"'.
  Overload 2 of 2, '(relation: "employee_wallet_balances" | "v_rider_daily_performance" | "v_rider_daily_platform_orders" | "v_rider_monthly_performance"): PostgrestQueryBuilder<{ PostgrestVersion: "14.4"; }, { ...; }, { ...; } | ... 2 more ... | { ...; }, "employee_wallet_balances" | ... 2 more ... | "v_rider_monthly_performance", [] | ... 2 more ... | [...]>', gave the following error.
    Argument of type 'string' is not assignable to parameter of type '"employee_wallet_balances" | "v_rider_daily_performance" | "v_rider_daily_platform_orders" | "v_rider_monthly_performance"'.
services/employeeActivityService.ts(42,22): error TS2345: Argument of type 'SelectQueryError<"column 'employee_id' does not exist on 'platform_accounts'."> | SelectQueryError<"column 'employee_id' does not exist on 'employees'."> | ... 57 more ... | SelectQueryError<...>' is not assignable to parameter of type '{ employee_id: string; }'.
  Property 'employee_id' is missing in type '{ error: true; } & String' but required in type '{ employee_id: string; }'.
services/employeeService.ts(124,52): error TS2345: Argument of type '(ea: { apps: { id: string; name: string; brand_color?: string; }; }) => { id: string; name: string; brand_color?: string; }' is not assignable to parameter of type '(value: { apps?: { id: string; name: string; brand_color?: string | null | undefined; } | null | undefined; }, index: number, array: { apps?: { id: string; name: string; brand_color?: string | null | undefined; } | null | undefined; }[]) => { ...; }'.
  Types of parameters 'ea' and 'value' are incompatible.
    Type '{ apps?: { id: string; name: string; brand_color?: string | null | undefined; } | null | undefined; }' is not assignable to type '{ apps: { id: string; name: string; brand_color?: string | undefined; }; }'.
      Types of property 'apps' are incompatible.
        Type '{ id: string; name: string; brand_color?: string | null | undefined; } | null | undefined' is not assignable to type '{ id: string; name: string; brand_color?: string | undefined; }'.
          Type 'undefined' is not assignable to type '{ id: string; name: string; brand_color?: string | undefined; }'.
services/employeeService.ts(252,22): error TS7053: Element implicitly has an 'any' type because expression of type '"id_photo_url" | "iqama_photo_url" | "license_photo_url" | "personal_photo_url"' can't be used to index type '{ id_photo_url: string | null; } | { iqama_photo_url: string | null; } | { license_photo_url: string | null; } | { personal_photo_url: string | null; }'.
  Property 'id_photo_url' does not exist on type '{ id_photo_url: string | null; } | { iqama_photo_url: string | null; } | { license_photo_url: string | null; } | { personal_photo_url: string | null; }'.
services/employeeService.ts(261,15): error TS2345: Argument of type '{ [x: string]: null; }' is not assignable to parameter of type 'RejectExcessProperties<{ allowances?: Json | undefined; bank_account_number?: string | null | undefined; base_salary?: number | undefined; birth_date?: string | null | undefined; cities?: string[] | null | undefined; ... 34 more ...; updated_by?: string | ... 1 more ... | undefined; }, { ...; }>'.
  Type '{ [x: string]: null; }' is not assignable to type '{ [x: string]: never; [x: number]: never; }'.
    'string' index signatures are incompatible.
      Type 'null' is not assignable to type 'never'.
services/fuelService.ts(55,37): error TS2345: Argument of type '(offset: number, limit: number) => Promise<{ data: { employee_id: string; vehicles: { plate_number: string; type: "motorcycle" | "car"; brand: string | null; model: string | null; }; }[]; error: null; }>' is not assignable to parameter of type '(offset: number, limit: number) => Promise<{ data: Row[] | null; error: unknown; }>'.
  Type 'Promise<{ data: { employee_id: string; vehicles: { plate_number: string; type: "motorcycle" | "car"; brand: string | null; model: string | null; }; }[]; error: null; }>' is not assignable to type 'Promise<{ data: Row[] | null; error: unknown; }>'.
    Type '{ data: { employee_id: string; vehicles: { plate_number: string; type: "motorcycle" | "car"; brand: string | null; model: string | null; }; }[]; error: null; }' is not assignable to type '{ data: Row[] | null; error: unknown; }'.
      Types of property 'data' are incompatible.
        Type '{ employee_id: string; vehicles: { plate_number: string; type: "motorcycle" | "car"; brand: string | null; model: string | null; }; }[]' is not assignable to type 'Row[]'.
          Type '{ employee_id: string; vehicles: { plate_number: string; type: "motorcycle" | "car"; brand: string | null; model: string | null; }; }' is not assignable to type 'Row'.
            The types of 'vehicles.brand' are incompatible between these types.
              Type 'string | null' is not assignable to type 'string'.
                Type 'null' is not assignable to type 'string'.
services/orderService.ts(400,9): error TS2322: Type 'string | null' is not assignable to type 'string | undefined'.
  Type 'null' is not assignable to type 'string | undefined'.
services/orderService.ts(401,9): error TS2322: Type 'string | null' is not assignable to type 'string | undefined'.
  Type 'null' is not assignable to type 'string | undefined'.
services/salaryDraftService.test.ts(96,66): error TS2345: Argument of type '{}' is not assignable to parameter of type 'SalaryDraftPatch'.
  Type '{}' is missing the following properties from type 'SalaryDraftPatch': paymentMethod, incentives, sickAllowance, violations, and 6 more.
services/salaryDraftService.test.ts(101,66): error TS2345: Argument of type '{}' is not assignable to parameter of type 'SalaryDraftPatch'.
  Type '{}' is missing the following properties from type 'SalaryDraftPatch': paymentMethod, incentives, sickAllowance, violations, and 6 more.
services/salaryDraftService.test.ts(110,59): error TS2345: Argument of type '{ incentives: number; }' is not assignable to parameter of type 'SalaryDraftPatch'.
  Type '{ incentives: number; }' is missing the following properties from type 'SalaryDraftPatch': paymentMethod, sickAllowance, violations, transfer, and 5 more.
services/salaryDraftService.test.ts(129,61): error TS2740: Type '{ incentives: number; }' is missing the following properties from type 'SalaryDraftPatch': paymentMethod, sickAllowance, violations, transfer, and 5 more.
services/salaryDraftService.test.ts(168,64): error TS2740: Type '{}' is missing the following properties from type 'SalaryDraftPatch': paymentMethod, incentives, sickAllowance, violations, and 6 more.
services/treasuryService.ts(30,15): error TS2345: Argument of type 'Partial<TreasuryAccount>' is not assignable to parameter of type 'RejectExcessProperties<{ created_at?: string | undefined; id?: string | undefined; initial_balance?: number | undefined; is_active?: boolean | undefined; name: string; type: string; updated_at?: string | undefined; }, { ...; }> | RejectExcessProperties<...>[]'.
  Type 'Partial<TreasuryAccount>' is not assignable to type 'RejectExcessProperties<{ created_at?: string | undefined; id?: string | undefined; initial_balance?: number | undefined; is_active?: boolean | undefined; name: string; type: string; updated_at?: string | undefined; }, { ...; }>'.
    Type 'Partial<TreasuryAccount>' is not assignable to type '{ created_at?: string | undefined; id?: string | undefined; initial_balance?: number | undefined; is_active?: boolean | undefined; name: string; type: string; updated_at?: string | undefined; }'.
      Types of property 'name' are incompatible.
        Type 'string | undefined' is not assignable to type 'string'.
          Type 'undefined' is not assignable to type 'string'.
services/treasuryService.ts(67,15): error TS2345: Argument of type 'Partial<TreasuryCategory>' is not assignable to parameter of type 'RejectExcessProperties<{ created_at?: string | undefined; id?: string | undefined; is_active?: boolean | undefined; name: string; type: string; updated_at?: string | undefined; }, { created_at?: string | undefined; ... 4 more ...; updated_at?: string | undefined; }> | RejectExcessProperties<...>[]'.
  Type 'Partial<TreasuryCategory>' is not assignable to type 'RejectExcessProperties<{ created_at?: string | undefined; id?: string | undefined; is_active?: boolean | undefined; name: string; type: string; updated_at?: string | undefined; }, { created_at?: string | undefined; ... 4 more ...; updated_at?: string | undefined; }>'.
    Type 'Partial<TreasuryCategory>' is not assignable to type '{ created_at?: string | undefined; id?: string | undefined; is_active?: boolean | undefined; name: string; type: string; updated_at?: string | undefined; }'.
      Types of property 'name' are incompatible.
        Type 'string | undefined' is not assignable to type 'string'.
          Type 'undefined' is not assignable to type 'string'.
services/treasuryService.ts(118,15): error TS2345: Argument of type 'Partial<TreasuryTransaction>' is not assignable to parameter of type 'RejectExcessProperties<{ account_id: string; amount: number; app_id?: string | null | undefined; attachment_url?: string | null | undefined; category_id?: string | null | undefined; created_at?: string | undefined; ... 6 more ...; updated_at?: string | undefined; }, { ...; }> | RejectExcessProperties<...>[]'.
  Type 'Partial<TreasuryTransaction>' is not assignable to type 'RejectExcessProperties<{ account_id: string; amount: number; app_id?: string | null | undefined; attachment_url?: string | null | undefined; category_id?: string | null | undefined; created_at?: string | undefined; ... 6 more ...; updated_at?: string | undefined; }, { ...; }>'.
    Type 'Partial<TreasuryTransaction>' is not assignable to type '{ account_id: string; amount: number; app_id?: string | null | undefined; attachment_url?: string | null | undefined; category_id?: string | null | undefined; created_at?: string | undefined; ... 6 more ...; updated_at?: string | undefined; }'.
      Types of property 'account_id' are incompatible.
        Type 'string | undefined' is not assignable to type 'string'.
          Type 'undefined' is not assignable to type 'string'.
services/treasuryService.ts(128,15): error TS2345: Argument of type 'Partial<TreasuryTransaction>' is not assignable to parameter of type 'RejectExcessProperties<{ account_id?: string | undefined; amount?: number | undefined; app_id?: string | null | undefined; attachment_url?: string | null | undefined; category_id?: string | null | undefined; ... 7 more ...; updated_at?: string | undefined; }, Partial<...>>'.
  Type 'Partial<TreasuryTransaction>' is not assignable to type '{ category: never; account: never; app: never; transfer_to_account: never; }'.
    Types of property 'category' are incompatible.
      Type '{ name: string; } | undefined' is not assignable to type 'never'.
        Type 'undefined' is not assignable to type 'never'.
services/vehicleService.test.ts(114,55): error TS2554: Expected 0 arguments, but got 1.
services/walletService.ts(28,41): error TS2322: Type '"absconded"' is not assignable to type '"active" | "inactive" | "ended" | null'.
shared/components/orders/OrdersCellPopover.test.tsx(49,46): error TS2339: Property 'toBeDisabled' does not exist on type 'Assertion<HTMLElement>'.
shared/components/orders/OrdersCellPopover.test.tsx(50,66): error TS2339: Property 'toBeInTheDocument' does not exist on type 'Assertion<HTMLElement | null>'.
shared/components/orders/OrdersGridTable.test.tsx(41,47): error TS2339: Property 'toBeInTheDocument' does not exist on type 'Assertion<HTMLElement>'.
shared/components/orders/OrdersGridTable.test.tsx(46,48): error TS2339: Property 'toBeInTheDocument' does not exist on type 'Assertion<HTMLElement>'.
shared/components/orders/OrdersMonthNavigator.test.tsx(18,44): error TS2339: Property 'toBeInTheDocument' does not exist on type 'Assertion<HTMLElement>'.
shared/components/orders/OrdersSummaryTable.test.tsx(42,43): error TS2339: Property 'toBeInTheDocument' does not exist on type 'Assertion<HTMLElement>'.
shared/hooks/useAuthedPagedQuery.test.tsx(69,5): error TS2322: Type 'null' is not assignable to type '{ access_token: string; }'.
shared/hooks/useAuthedQuery.test.tsx(70,5): error TS2322: Type 'null' is not assignable to type '{ access_token: string; }'.
shared/hooks/usePermissions.test.ts(133,62): error TS2345: Argument of type 'Promise<PagePermission | null>' is not assignable to parameter of type 'Promise<null>'.
  Type 'PagePermission | null' is not assignable to type 'null'.
    Type 'PagePermission' is not assignable to type 'null'.
shared/hooks/useRiderPredictions.test.ts(78,5): error TS2322: Type 'null' is not assignable to type 'string'.
shared/lib/employeeArabicTemplateImport.test.ts(77,49): error TS2554: Expected 1 arguments, but got 0.
shared/lib/session/sessionManager.test.ts(25,7): error TS2322: Type 'Mock<Procedure | Constructable>' is not assignable to type '() => void'.
  Type 'MockInstance<Procedure | Constructable> & (new (...args: any[]) => any) & {}' is not assignable to type '() => void'.
    Type 'MockInstance<Procedure | Constructable> & (new (...args: any[]) => any) & {}' provides no match for the signature '(): void'.
shared/lib/session/sessionManager.test.ts(26,7): error TS2322: Type 'Mock<Procedure | Constructable>' is not assignable to type '() => void'.
  Type 'MockInstance<Procedure | Constructable> & (new (...args: any[]) => any) & {}' is not assignable to type '() => void'.
    Type 'MockInstance<Procedure | Constructable> & (new (...args: any[]) => any) & {}' provides no match for the signature '(): void'.
shared/lib/session/sessionManager.test.ts(27,7): error TS2322: Type 'Mock<Procedure | Constructable>' is not assignable to type '(() => void) | undefined'.
  Type 'MockInstance<Procedure | Constructable> & (new (...args: any[]) => any) & {}' is not assignable to type '(() => void) | undefined'.
shared/lib/session/sessionManager.test.ts(40,7): error TS2322: Type 'Mock<Procedure | Constructable>' is not assignable to type '() => void'.
  Type 'MockInstance<Procedure | Constructable> & (new (...args: any[]) => any) & {}' is not assignable to type '() => void'.
    Type 'MockInstance<Procedure | Constructable> & (new (...args: any[]) => any) & {}' provides no match for the signature '(): void'.
shared/lib/session/sessionManager.test.ts(41,7): error TS2322: Type 'Mock<Procedure | Constructable>' is not assignable to type '() => void'.
  Type 'MockInstance<Procedure | Constructable> & (new (...args: any[]) => any) & {}' is not assignable to type '() => void'.
    Type 'MockInstance<Procedure | Constructable> & (new (...args: any[]) => any) & {}' provides no match for the signature '(): void'.
shared/lib/session/sessionManager.test.ts(63,7): error TS2322: Type 'Mock<Procedure | Constructable>' is not assignable to type '() => void'.
  Type 'MockInstance<Procedure | Constructable> & (new (...args: any[]) => any) & {}' is not assignable to type '() => void'.
    Type 'MockInstance<Procedure | Constructable> & (new (...args: any[]) => any) & {}' provides no match for the signature '(): void'.
shared/lib/session/sessionManager.test.ts(64,7): error TS2322: Type 'Mock<Procedure | Constructable>' is not assignable to type '() => void'.
  Type 'MockInstance<Procedure | Constructable> & (new (...args: any[]) => any) & {}' is not assignable to type '() => void'.
    Type 'MockInstance<Procedure | Constructable> & (new (...args: any[]) => any) & {}' provides no match for the signature '(): void'.
shared/lib/session/sessionManager.test.ts(86,7): error TS2322: Type 'Mock<Procedure | Constructable>' is not assignable to type '() => void'.
  Type 'MockInstance<Procedure | Constructable> & (new (...args: any[]) => any) & {}' is not assignable to type '() => void'.
    Type 'MockInstance<Procedure | Constructable> & (new (...args: any[]) => any) & {}' provides no match for the signature '(): void'.
shared/lib/session/sessionManager.test.ts(87,7): error TS2322: Type 'Mock<Procedure | Constructable>' is not assignable to type '() => void'.
  Type 'MockInstance<Procedure | Constructable> & (new (...args: any[]) => any) & {}' is not assignable to type '() => void'.
    Type 'MockInstance<Procedure | Constructable> & (new (...args: any[]) => any) & {}' provides no match for the signature '(): void'.
shared/lib/session/sessionManager.test.ts(122,7): error TS2322: Type 'Mock<Procedure | Constructable>' is not assignable to type '() => void'.
  Type 'MockInstance<Procedure | Constructable> & (new (...args: any[]) => any) & {}' is not assignable to type '() => void'.
    Type 'MockInstance<Procedure | Constructable> & (new (...args: any[]) => any) & {}' provides no match for the signature '(): void'.
shared/lib/session/sessionManager.test.ts(123,7): error TS2322: Type 'Mock<Procedure | Constructable>' is not assignable to type '() => void'.
  Type 'MockInstance<Procedure | Constructable> & (new (...args: any[]) => any) & {}' is not assignable to type '() => void'.
    Type 'MockInstance<Procedure | Constructable> & (new (...args: any[]) => any) & {}' provides no match for the signature '(): void'.
shared/lib/session/sessionManager.test.ts(124,7): error TS2322: Type 'Mock<Procedure | Constructable>' is not assignable to type '(() => void) | undefined'.
  Type 'MockInstance<Procedure | Constructable> & (new (...args: any[]) => any) & {}' is not assignable to type '(() => void) | undefined'.
shared/lib/session/sessionManager.test.ts(132,19): error TS2349: This expression is not callable.
  Type 'never' has no call signatures.
shared/lib/session/sessionManager.test.ts(141,19): error TS2349: This expression is not callable.
  Type 'never' has no call signatures.
shared/lib/session/sessionManager.test.ts(161,7): error TS2322: Type 'Mock<Procedure | Constructable>' is not assignable to type '() => void'.
  Type 'MockInstance<Procedure | Constructable> & (new (...args: any[]) => any) & {}' is not assignable to type '() => void'.
    Type 'MockInstance<Procedure | Constructable> & (new (...args: any[]) => any) & {}' provides no match for the signature '(): void'.
shared/lib/session/sessionManager.test.ts(162,7): error TS2322: Type 'Mock<Procedure | Constructable>' is not assignable to type '() => void'.
  Type 'MockInstance<Procedure | Constructable> & (new (...args: any[]) => any) & {}' is not assignable to type '() => void'.
    Type 'MockInstance<Procedure | Constructable> & (new (...args: any[]) => any) & {}' provides no match for the signature '(): void'.
shared/lib/session/sessionManager.test.ts(178,7): error TS2322: Type 'Mock<Procedure | Constructable>' is not assignable to type '() => void'.
  Type 'MockInstance<Procedure | Constructable> & (new (...args: any[]) => any) & {}' is not assignable to type '() => void'.
    Type 'MockInstance<Procedure | Constructable> & (new (...args: any[]) => any) & {}' provides no match for the signature '(): void'.
shared/lib/session/sessionManager.test.ts(179,7): error TS2322: Type 'Mock<Procedure | Constructable>' is not assignable to type '() => void'.
  Type 'MockInstance<Procedure | Constructable> & (new (...args: any[]) => any) & {}' is not assignable to type '() => void'.
    Type 'MockInstance<Procedure | Constructable> & (new (...args: any[]) => any) & {}' provides no match for the signature '(): void'.
